###############################################################################
#
# IAR ELF Linker V8.40.1.212/W32 for ARM                  19/Jun/2020  16:31:32
# Copyright 2007-2019 IAR Systems AB.
#
#    Output file  =
#        C:\Users\Seungheon\Desktop\Seungheon\EWARM\injectedADC_TIM6_5ms\Exe\injectedADC_TIM6_5ms.out
#    Map file     =
#        C:\Users\Seungheon\Desktop\Seungheon\EWARM\injectedADC_TIM6_5ms\List\injectedADC_TIM6_5ms.map
#    Command line =
#        -f C:\Users\SEUNGH~1\AppData\Local\Temp\EW731E.tmp
#        (C:\Users\Seungheon\Desktop\Seungheon\EWARM\injectedADC_TIM6_5ms\Obj\main.o
#        C:\Users\Seungheon\Desktop\Seungheon\EWARM\injectedADC_TIM6_5ms\Obj\startup_stm32f407xx.o
#        C:\Users\Seungheon\Desktop\Seungheon\EWARM\injectedADC_TIM6_5ms\Obj\stm32f4xx_hal.o
#        C:\Users\Seungheon\Desktop\Seungheon\EWARM\injectedADC_TIM6_5ms\Obj\stm32f4xx_hal_adc.o
#        C:\Users\Seungheon\Desktop\Seungheon\EWARM\injectedADC_TIM6_5ms\Obj\stm32f4xx_hal_adc_ex.o
#        C:\Users\Seungheon\Desktop\Seungheon\EWARM\injectedADC_TIM6_5ms\Obj\stm32f4xx_hal_cortex.o
#        C:\Users\Seungheon\Desktop\Seungheon\EWARM\injectedADC_TIM6_5ms\Obj\stm32f4xx_hal_dma.o
#        C:\Users\Seungheon\Desktop\Seungheon\EWARM\injectedADC_TIM6_5ms\Obj\stm32f4xx_hal_dma_ex.o
#        C:\Users\Seungheon\Desktop\Seungheon\EWARM\injectedADC_TIM6_5ms\Obj\stm32f4xx_hal_exti.o
#        C:\Users\Seungheon\Desktop\Seungheon\EWARM\injectedADC_TIM6_5ms\Obj\stm32f4xx_hal_flash.o
#        C:\Users\Seungheon\Desktop\Seungheon\EWARM\injectedADC_TIM6_5ms\Obj\stm32f4xx_hal_flash_ex.o
#        C:\Users\Seungheon\Desktop\Seungheon\EWARM\injectedADC_TIM6_5ms\Obj\stm32f4xx_hal_flash_ramfunc.o
#        C:\Users\Seungheon\Desktop\Seungheon\EWARM\injectedADC_TIM6_5ms\Obj\stm32f4xx_hal_gpio.o
#        C:\Users\Seungheon\Desktop\Seungheon\EWARM\injectedADC_TIM6_5ms\Obj\stm32f4xx_hal_hcd.o
#        C:\Users\Seungheon\Desktop\Seungheon\EWARM\injectedADC_TIM6_5ms\Obj\stm32f4xx_hal_i2c.o
#        C:\Users\Seungheon\Desktop\Seungheon\EWARM\injectedADC_TIM6_5ms\Obj\stm32f4xx_hal_i2c_ex.o
#        C:\Users\Seungheon\Desktop\Seungheon\EWARM\injectedADC_TIM6_5ms\Obj\stm32f4xx_hal_i2s.o
#        C:\Users\Seungheon\Desktop\Seungheon\EWARM\injectedADC_TIM6_5ms\Obj\stm32f4xx_hal_i2s_ex.o
#        C:\Users\Seungheon\Desktop\Seungheon\EWARM\injectedADC_TIM6_5ms\Obj\stm32f4xx_hal_msp.o
#        C:\Users\Seungheon\Desktop\Seungheon\EWARM\injectedADC_TIM6_5ms\Obj\stm32f4xx_hal_pwr.o
#        C:\Users\Seungheon\Desktop\Seungheon\EWARM\injectedADC_TIM6_5ms\Obj\stm32f4xx_hal_pwr_ex.o
#        C:\Users\Seungheon\Desktop\Seungheon\EWARM\injectedADC_TIM6_5ms\Obj\stm32f4xx_hal_rcc.o
#        C:\Users\Seungheon\Desktop\Seungheon\EWARM\injectedADC_TIM6_5ms\Obj\stm32f4xx_hal_rcc_ex.o
#        C:\Users\Seungheon\Desktop\Seungheon\EWARM\injectedADC_TIM6_5ms\Obj\stm32f4xx_hal_spi.o
#        C:\Users\Seungheon\Desktop\Seungheon\EWARM\injectedADC_TIM6_5ms\Obj\stm32f4xx_hal_tim.o
#        C:\Users\Seungheon\Desktop\Seungheon\EWARM\injectedADC_TIM6_5ms\Obj\stm32f4xx_hal_tim_ex.o
#        C:\Users\Seungheon\Desktop\Seungheon\EWARM\injectedADC_TIM6_5ms\Obj\stm32f4xx_it.o
#        C:\Users\Seungheon\Desktop\Seungheon\EWARM\injectedADC_TIM6_5ms\Obj\stm32f4xx_ll_usb.o
#        C:\Users\Seungheon\Desktop\Seungheon\EWARM\injectedADC_TIM6_5ms\Obj\system_stm32f4xx.o
#        C:\Users\Seungheon\Desktop\Seungheon\EWARM\injectedADC_TIM6_5ms\Obj\usb_host.o
#        C:\Users\Seungheon\Desktop\Seungheon\EWARM\injectedADC_TIM6_5ms\Obj\usbh_cdc.o
#        C:\Users\Seungheon\Desktop\Seungheon\EWARM\injectedADC_TIM6_5ms\Obj\usbh_conf.o
#        C:\Users\Seungheon\Desktop\Seungheon\EWARM\injectedADC_TIM6_5ms\Obj\usbh_core.o
#        C:\Users\Seungheon\Desktop\Seungheon\EWARM\injectedADC_TIM6_5ms\Obj\usbh_ctlreq.o
#        C:\Users\Seungheon\Desktop\Seungheon\EWARM\injectedADC_TIM6_5ms\Obj\usbh_ioreq.o
#        C:\Users\Seungheon\Desktop\Seungheon\EWARM\injectedADC_TIM6_5ms\Obj\usbh_pipes.o
#        C:\Users\Seungheon\Desktop\Seungheon\EWARM\injectedADC_TIM6_5ms\Obj\usbh_platform.o
#        --redirect _Printf=_PrintfFull --redirect _Scanf=_ScanfFull
#        --no_out_extension -o
#        C:\Users\Seungheon\Desktop\Seungheon\EWARM\injectedADC_TIM6_5ms\Exe\injectedADC_TIM6_5ms.out
#        --map
#        C:\Users\Seungheon\Desktop\Seungheon\EWARM\injectedADC_TIM6_5ms\List\injectedADC_TIM6_5ms.map
#        --config
#        C:\Users\Seungheon\Desktop\Seungheon\EWARM/stm32f407xx_flash.icf
#        --semihosting --entry __iar_program_start --vfe --text_out locale)
#
###############################################################################

*******************************************************************************
*** RUNTIME MODEL ATTRIBUTES
***

CppFlavor       = *
__Heap_Handler  = DLMalloc
__SystemLibrary = DLib
__dlib_version  = 6


*******************************************************************************
*** HEAP SELECTION
***

The advanced heap was selected because the application calls memory
allocation functions outside of system library functions, and there
are calls to deallocation functions in the application.


*******************************************************************************
*** PLACEMENT SUMMARY
***

"A0":  place at address 0x800'0000 { ro section .intvec };
"P1":  place in [from 0x800'0000 to 0x80f'ffff] { ro };
define block CSTACK with size = 1K, alignment = 8 { };
define block HEAP with size = 512, alignment = 8 { };
"P2":  place in [from 0x2000'0000 to 0x2001'ffff] {
          rw, block CSTACK, block HEAP };
initialize by copy { rw };

  Section            Kind         Address    Size  Object
  -------            ----         -------    ----  ------
"A0":                                       0x188
  .intvec            ro code   0x800'0000   0x188  startup_stm32f407xx.o [1]
                             - 0x800'0188   0x188

"P1":                                      0x5d3e
  .text              ro code   0x800'0188  0x149c  dlmalloc.o [2]
  .text              ro code   0x800'1624     0x6  abort.o [2]
  .text              ro code   0x800'162a    0x3a  zero_init3.o [4]
  .text              ro code   0x800'1664    0x2c  xgetmemchunk.o [2]
  .text              ro code   0x800'1690    0x14  exit.o [5]
  .text              ro code   0x800'16a4   0x77a  stm32f4xx_hal_hcd.o [1]
  .text              ro code   0x800'1e20   0x20a  usbh_conf.o [1]
  .text              ro code   0x800'202c   0x688  stm32f4xx_ll_usb.o [1]
  .text              ro code   0x800'26b4    0x18  ABImemcpy_small.o [4]
  .text              ro code   0x800'26cc     0x6  ABImemclr4.o [4]
  .text              ro code   0x800'26d4   0x1e4  stm32f4xx_hal_gpio.o [1]
  .text              ro code   0x800'28b8    0xc4  stm32f4xx_hal_cortex.o [1]
  .text              ro code   0x800'297c   0x4b8  usbh_core.o [1]
  .text              ro code   0x800'2e34   0x51e  main.o [1]
  .text              ro code   0x800'3354    0x14  usbh_platform.o [1]
  .text              ro code   0x800'3368    0x28  stm32f4xx_hal.o [1]
  .text              ro code   0x800'3390    0x32  ABImemset48.o [4]
  .text              ro code   0x800'33c2    0x76  usbh_pipes.o [1]
  .text              ro code   0x800'3438   0x416  usbh_ctlreq.o [1]
  .text              ro code   0x800'3850    0x34  stm32f4xx_hal.o [1]
  .text              ro code   0x800'3884   0x2b4  stm32f4xx_hal_adc.o [1]
  .text              ro code   0x800'3b38   0x2b8  stm32f4xx_hal_adc_ex.o [1]
  .text              ro code   0x800'3df0   0x150  stm32f4xx_hal_i2c.o [1]
  .text              ro code   0x800'3f40   0x278  stm32f4xx_hal_i2s.o [1]
  .text              ro code   0x800'41b8    0x82  stm32f4xx_hal_spi.o [1]
  .text              ro code   0x800'423c   0x268  stm32f4xx_hal_tim.o [1]
  .text              ro code   0x800'44a4    0x8c  stm32f4xx_hal_tim_ex.o [1]
  .text              ro code   0x800'4530    0x68  usb_host.o [1]
  .text              ro code   0x800'4598    0x14  memset.o [4]
  .text              ro code   0x800'45ac   0x310  stm32f4xx_hal_rcc.o [1]
  .text              ro code   0x800'48bc   0x1a0  stm32f4xx_hal_rcc.o [1]
  .text              ro code   0x800'4a5c   0x174  stm32f4xx_hal_rcc_ex.o [1]
  .text              ro code   0x800'4bd0     0xc  stm32f4xx_hal.o [1]
  .text              ro code   0x800'4bdc    0x82  usbh_ioreq.o [1]
  .text              ro code   0x800'4c60    0x40  stm32f4xx_hal.o [1]
  .text              ro code   0x800'4ca0   0x2b4  stm32f4xx_hal_msp.o [1]
  .text              ro code   0x800'4f54     0x2  stm32f4xx_hal_i2s.o [1]
  .text              ro code   0x800'4f56     0x2  stm32f4xx_hal_i2s.o [1]
  .text              ro code   0x800'4f58     0x2  stm32f4xx_hal_i2s.o [1]
  .text              ro code   0x800'4f5a     0x2  stm32f4xx_hal_tim.o [1]
  .text              ro code   0x800'4f5c     0x2  stm32f4xx_hal_tim.o [1]
  .text              ro code   0x800'4f5e     0x2  stm32f4xx_hal_tim.o [1]
  .text              ro code   0x800'4f60     0x2  stm32f4xx_hal_tim_ex.o [1]
  .text              ro code   0x800'4f62     0x2  stm32f4xx_hal_tim.o [1]
  .text              ro code   0x800'4f64     0x2  stm32f4xx_hal_tim_ex.o [1]
  .text              ro code   0x800'4f66     0x2  stm32f4xx_hal_tim.o [1]
  .text              ro code   0x800'4f68    0x66  ABImemset.o [4]
  .text              ro code   0x800'4fd0   0x106  I64DivMod_small.o [4]
  .text              ro code   0x800'50d8     0x2  I64DivZer.o [4]
  .text              ro code   0x800'50dc   0x5b8  stm32f4xx_it.o [1]
  .text              ro code   0x800'5694    0x10  stm32f4xx_hal.o [1]
  .text              ro code   0x800'56a4   0x33a  usbh_cdc.o [1]
  .text              ro code   0x800'59de     0x4  heaptramp0.o [2]
  .text              ro code   0x800'59e2     0x2  usbh_cdc.o [1]
  .text              ro code   0x800'59e4     0x2  usbh_cdc.o [1]
  .text              ro code   0x800'59e8   0x244  stm32f4xx_hal_i2s_ex.o [1]
  .text              ro code   0x800'5c2c     0x2  stm32f4xx_hal_i2s_ex.o [1]
  .text              ro code   0x800'5c2e    0x38  packbits_init_single.o [4]
  .text              ro code   0x800'5c68    0x2c  system_stm32f4xx.o [1]
  .text              ro code   0x800'5c94    0x28  data_init.o [4]
  .text              ro code   0x800'5cbc    0x22  fpinit_M.o [3]
  .iar.init_table    const     0x800'5ce0    0x20  - Linker created -
  .text              ro code   0x800'5d00    0x1e  cmain.o [4]
  .text              ro code   0x800'5d1e     0x4  low_level_init.o [2]
  .text              ro code   0x800'5d22     0x4  exit.o [2]
  .text              ro code   0x800'5d28     0xa  cexit.o [4]
  .text              ro code   0x800'5d34    0x10  startup_stm32f407xx.o [1]
  .text              ro code   0x800'5d44     0xc  cstartup_M.o [4]
  .rodata            const     0x800'5d50     0x8  system_stm32f4xx.o [1]
  .rodata            const     0x800'5d58     0x4  usbh_cdc.o [1]
  .text              ro code   0x800'5d5c     0x4  startup_stm32f407xx.o [1]
  .text              ro code   0x800'5d60     0x4  startup_stm32f407xx.o [1]
  .text              ro code   0x800'5d64     0x4  startup_stm32f407xx.o [1]
  .text              ro code   0x800'5d68     0x4  startup_stm32f407xx.o [1]
  .text              ro code   0x800'5d6c     0x4  startup_stm32f407xx.o [1]
  .text              ro code   0x800'5d70     0x4  startup_stm32f407xx.o [1]
  .text              ro code   0x800'5d74     0x4  startup_stm32f407xx.o [1]
  .text              ro code   0x800'5d78     0x4  startup_stm32f407xx.o [1]
  .text              ro code   0x800'5d7c     0x4  startup_stm32f407xx.o [1]
  .text              ro code   0x800'5d80     0x4  startup_stm32f407xx.o [1]
  .text              ro code   0x800'5d84     0x4  startup_stm32f407xx.o [1]
  .text              ro code   0x800'5d88     0x4  startup_stm32f407xx.o [1]
  .text              ro code   0x800'5d8c     0x4  startup_stm32f407xx.o [1]
  .text              ro code   0x800'5d90     0x4  startup_stm32f407xx.o [1]
  .text              ro code   0x800'5d94     0x4  startup_stm32f407xx.o [1]
  .text              ro code   0x800'5d98     0x4  startup_stm32f407xx.o [1]
  .text              ro code   0x800'5d9c     0x4  startup_stm32f407xx.o [1]
  .text              ro code   0x800'5da0     0x4  startup_stm32f407xx.o [1]
  .text              ro code   0x800'5da4     0x4  startup_stm32f407xx.o [1]
  .text              ro code   0x800'5da8     0x4  startup_stm32f407xx.o [1]
  .text              ro code   0x800'5dac     0x4  startup_stm32f407xx.o [1]
  .text              ro code   0x800'5db0     0x4  startup_stm32f407xx.o [1]
  .text              ro code   0x800'5db4     0x4  startup_stm32f407xx.o [1]
  .text              ro code   0x800'5db8     0x4  startup_stm32f407xx.o [1]
  .text              ro code   0x800'5dbc     0x4  startup_stm32f407xx.o [1]
  .text              ro code   0x800'5dc0     0x4  startup_stm32f407xx.o [1]
  .text              ro code   0x800'5dc4     0x4  startup_stm32f407xx.o [1]
  .text              ro code   0x800'5dc8     0x4  startup_stm32f407xx.o [1]
  .text              ro code   0x800'5dcc     0x4  startup_stm32f407xx.o [1]
  .text              ro code   0x800'5dd0     0x4  startup_stm32f407xx.o [1]
  .text              ro code   0x800'5dd4     0x4  startup_stm32f407xx.o [1]
  .text              ro code   0x800'5dd8     0x4  startup_stm32f407xx.o [1]
  .text              ro code   0x800'5ddc     0x4  startup_stm32f407xx.o [1]
  .text              ro code   0x800'5de0     0x4  startup_stm32f407xx.o [1]
  .text              ro code   0x800'5de4     0x4  startup_stm32f407xx.o [1]
  .text              ro code   0x800'5de8     0x4  startup_stm32f407xx.o [1]
  .text              ro code   0x800'5dec     0x4  startup_stm32f407xx.o [1]
  .text              ro code   0x800'5df0     0x4  startup_stm32f407xx.o [1]
  .text              ro code   0x800'5df4     0x4  startup_stm32f407xx.o [1]
  .text              ro code   0x800'5df8     0x4  startup_stm32f407xx.o [1]
  .text              ro code   0x800'5dfc     0x4  startup_stm32f407xx.o [1]
  .text              ro code   0x800'5e00     0x4  startup_stm32f407xx.o [1]
  .text              ro code   0x800'5e04     0x4  startup_stm32f407xx.o [1]
  .text              ro code   0x800'5e08     0x4  startup_stm32f407xx.o [1]
  .text              ro code   0x800'5e0c     0x4  startup_stm32f407xx.o [1]
  .text              ro code   0x800'5e10     0x4  startup_stm32f407xx.o [1]
  .text              ro code   0x800'5e14     0x4  startup_stm32f407xx.o [1]
  .text              ro code   0x800'5e18     0x4  startup_stm32f407xx.o [1]
  .text              ro code   0x800'5e1c     0x4  startup_stm32f407xx.o [1]
  .text              ro code   0x800'5e20     0x4  startup_stm32f407xx.o [1]
  .text              ro code   0x800'5e24     0x4  startup_stm32f407xx.o [1]
  .text              ro code   0x800'5e28     0x4  startup_stm32f407xx.o [1]
  .text              ro code   0x800'5e2c     0x4  startup_stm32f407xx.o [1]
  .text              ro code   0x800'5e30     0x4  startup_stm32f407xx.o [1]
  .text              ro code   0x800'5e34     0x4  startup_stm32f407xx.o [1]
  .text              ro code   0x800'5e38     0x4  startup_stm32f407xx.o [1]
  .text              ro code   0x800'5e3c     0x4  startup_stm32f407xx.o [1]
  .text              ro code   0x800'5e40     0x4  startup_stm32f407xx.o [1]
  .text              ro code   0x800'5e44     0x4  startup_stm32f407xx.o [1]
  .text              ro code   0x800'5e48     0x4  startup_stm32f407xx.o [1]
  .text              ro code   0x800'5e4c     0x4  startup_stm32f407xx.o [1]
  .text              ro code   0x800'5e50     0x4  startup_stm32f407xx.o [1]
  .text              ro code   0x800'5e54     0x4  startup_stm32f407xx.o [1]
  .text              ro code   0x800'5e58     0x4  startup_stm32f407xx.o [1]
  .text              ro code   0x800'5e5c     0x4  startup_stm32f407xx.o [1]
  .text              ro code   0x800'5e60     0x4  startup_stm32f407xx.o [1]
  .text              ro code   0x800'5e64     0x4  startup_stm32f407xx.o [1]
  .text              ro code   0x800'5e68     0x4  startup_stm32f407xx.o [1]
  .text              ro code   0x800'5e6c     0x4  startup_stm32f407xx.o [1]
  .text              ro code   0x800'5e70     0x4  startup_stm32f407xx.o [1]
  .text              ro code   0x800'5e74     0x4  startup_stm32f407xx.o [1]
  .text              ro code   0x800'5e78     0x4  startup_stm32f407xx.o [1]
  .text              ro code   0x800'5e7c     0x4  startup_stm32f407xx.o [1]
  .text              ro code   0x800'5e80     0x4  startup_stm32f407xx.o [1]
  .text              ro code   0x800'5e84     0x4  startup_stm32f407xx.o [1]
  .text              ro code   0x800'5e88     0x4  startup_stm32f407xx.o [1]
  .text              ro code   0x800'5e8c     0x4  startup_stm32f407xx.o [1]
  .text              ro code   0x800'5e90     0x4  startup_stm32f407xx.o [1]
  .text              ro code   0x800'5e94     0x4  startup_stm32f407xx.o [1]
  .rodata            const     0x800'5e98     0x0  zero_init3.o [4]
  .rodata            const     0x800'5e98     0x0  packbits_init_single.o [4]
  Initializer bytes  const     0x800'5e98    0x2e  <for P2-1>
                             - 0x800'5ec6  0x5d3e

"P2", part 1 of 3:                           0x60
  P2-1                        0x2000'0000    0x60  <Init block>
    .data            inited   0x2000'0000     0xc  stm32f4xx_hal.o [1]
    .data            inited   0x2000'000c    0x30  stm32f4xx_it.o [1]
    .data            inited   0x2000'003c     0x4  system_stm32f4xx.o [1]
    .data            inited   0x2000'0040    0x20  usbh_cdc.o [1]
                            - 0x2000'0060    0x60

"P2", part 2 of 3:                          0xaa4
  .bss               zero     0x2000'0060   0x3d8  usb_host.o [1]
  .bss               zero     0x2000'0438   0x2c4  usbh_conf.o [1]
  .bss               zero     0x2000'06fc   0x20c  main.o [1]
  .bss               zero     0x2000'0908   0x1d8  dlmalloc.o [2]
  .bss               zero     0x2000'0ae0    0x18  dlmalloc.o [2]
  .bss               zero     0x2000'0af8     0x4  stm32f4xx_ll_usb.o [1]
  .bss               zero     0x2000'0afc     0x4  xgetmemchunk.o [2]
  .bss               zero     0x2000'0b00     0x1  usb_host.o [1]
                            - 0x2000'0b01   0xaa1

"P2", part 3 of 3:                          0x600
  CSTACK                      0x2000'0b08   0x400  <Block>
    CSTACK           uninit   0x2000'0b08   0x400  <Block tail>
  HEAP                        0x2000'0f08   0x200  <Block>
    HEAP             uninit   0x2000'0f08   0x200  <Block tail>
                            - 0x2000'1108   0x600

Unused ranges:

         From           To      Size
         ----           --      ----
   0x800'5ec6   0x80f'ffff  0xf'a13a
  0x2000'0b04  0x2000'0b07       0x4
  0x2000'1108  0x2001'ffff  0x1'eef8


*******************************************************************************
*** INIT TABLE
***

          Address      Size
          -------      ----
Zero (__iar_zero_init3)
    1 destination range, total size 0xaa1:
          0x2000'0060  0xaa1

Copy/packbits (__iar_packbits_init_single3)
    1 source range, total size 0x2e (47% of destination):
           0x800'5e98   0x2e
    1 destination range, total size 0x60:
          0x2000'0000   0x60



*******************************************************************************
*** MODULE SUMMARY
***

    Module                  ro code  ro data  rw data
    ------                  -------  -------  -------
command line/config:
    -------------------------------------------------
    Total:

C:\Users\Seungheon\Desktop\Seungheon\EWARM\injectedADC_TIM6_5ms\Obj: [1]
    main.o                    1'310               524
    startup_stm32f407xx.o       724
    stm32f4xx_hal.o             184        5       12
    stm32f4xx_hal_adc.o         692
    stm32f4xx_hal_adc_ex.o      696
    stm32f4xx_hal_cortex.o      196
    stm32f4xx_hal_gpio.o        484
    stm32f4xx_hal_hcd.o       1'914
    stm32f4xx_hal_i2c.o         336
    stm32f4xx_hal_i2s.o         638
    stm32f4xx_hal_i2s_ex.o      582
    stm32f4xx_hal_msp.o         692
    stm32f4xx_hal_rcc.o       1'200
    stm32f4xx_hal_rcc_ex.o      372
    stm32f4xx_hal_spi.o         130
    stm32f4xx_hal_tim.o         626
    stm32f4xx_hal_tim_ex.o      144
    stm32f4xx_it.o            1'464       23       48
    stm32f4xx_ll_usb.o        1'672                 4
    system_stm32f4xx.o           44       10        4
    usb_host.o                  104               985
    usbh_cdc.o                  830       20       32
    usbh_conf.o                 522               708
    usbh_core.o               1'208
    usbh_ctlreq.o             1'046
    usbh_ioreq.o                130
    usbh_pipes.o                118
    usbh_platform.o              20
    -------------------------------------------------
    Total:                   18'078       58    2'317

dl7M_tlf.a: [2]
    abort.o                       6
    dlmalloc.o                5'276               496
    exit.o                        4
    heaptramp0.o                  4
    low_level_init.o              4
    xgetmemchunk.o               44                 4
    -------------------------------------------------
    Total:                    5'338               500

m7M_tls.a: [3]
    fpinit_M.o                   34
    -------------------------------------------------
    Total:                       34

rt7M_tl.a: [4]
    ABImemclr4.o                  6
    ABImemcpy_small.o            24
    ABImemset.o                 102
    ABImemset48.o                50
    I64DivMod_small.o           262
    I64DivZer.o                   2
    cexit.o                      10
    cmain.o                      30
    cstartup_M.o                 12
    data_init.o                  40
    memset.o                     20
    packbits_init_single.o       56
    zero_init3.o                 58
    -------------------------------------------------
    Total:                      672

shb_l.a: [5]
    exit.o                       20
    -------------------------------------------------
    Total:                       20

    Gaps                         28        2
    Linker created                        32    1'536
-----------------------------------------------------
    Grand Total:             24'170       92    4'353


*******************************************************************************
*** ENTRY LIST
***

Entry                       Address   Size  Type      Object
-----                       -------   ----  ----      ------
.iar.init_table$$Base    0x800'5ce0          --   Gb  - Linker created -
.iar.init_table$$Limit   0x800'5d00          --   Gb  - Linker created -
?main                    0x800'5d01         Code  Gb  cmain.o [4]
AHBPrescTable            0x800'5c84   0x10  Data  Gb  system_stm32f4xx.o [1]
APBPrescTable            0x800'5d50    0x8  Data  Gb  system_stm32f4xx.o [1]
Appli_state             0x2000'0b00    0x1  Data  Gb  usb_host.o [1]
BusFault_Handler         0x800'50e3    0x2  Code  Gb  stm32f4xx_it.o [1]
CDC_Class               0x2000'0040   0x20  Data  Gb  usbh_cdc.o [1]
CSTACK$$Base            0x2000'0b08          --   Gb  - Linker created -
CSTACK$$Limit           0x2000'0f08          --   Gb  - Linker created -
DeInitStateMachine       0x800'29b9   0x46  Code  Lc  usbh_core.o [1]
DebugMon_Handler         0x800'50e9    0x2  Code  Gb  stm32f4xx_it.o [1]
Error_Handler            0x800'3351    0x2  Code  Gb  main.o [1]
GetLineCoding            0x800'59c7   0x16  Code  Lc  usbh_cdc.o [1]
HAL_ADCEx_InjectedConfigChannel
                         0x800'3c51  0x176  Code  Gb  stm32f4xx_hal_adc_ex.o [1]
HAL_ADCEx_InjectedGetValue
                         0x800'3c1d   0x34  Code  Gb  stm32f4xx_hal_adc_ex.o [1]
HAL_ADCEx_InjectedStart
                         0x800'3b39   0x52  Code  Gb  stm32f4xx_hal_adc_ex.o [1]
HAL_ADC_ConfigChannel    0x800'39ed  0x110  Code  Gb  stm32f4xx_hal_adc.o [1]
HAL_ADC_Init             0x800'3885  0x154  Code  Gb  stm32f4xx_hal_adc.o [1]
HAL_ADC_MspInit          0x800'4cd9   0xc8  Code  Gb  stm32f4xx_hal_msp.o [1]
HAL_Delay                0x800'3369   0x28  Code  Wk  stm32f4xx_hal.o [1]
HAL_GPIO_Init            0x800'26d5  0x1ae  Code  Gb  stm32f4xx_hal_gpio.o [1]
HAL_GPIO_WritePin        0x800'2883    0x8  Code  Gb  stm32f4xx_hal_gpio.o [1]
HAL_GetTick              0x800'4bd1    0xc  Code  Wk  stm32f4xx_hal.o [1]
HAL_HCD_Connect_Callback
                         0x800'1eb9    0x8  Code  Gb  usbh_conf.o [1]
HAL_HCD_Disconnect_Callback
                         0x800'1ec1    0x8  Code  Gb  usbh_conf.o [1]
HAL_HCD_GetCurrentFrame
                         0x800'1e13    0x6  Code  Gb  stm32f4xx_hal_hcd.o [1]
HAL_HCD_GetCurrentSpeed
                         0x800'1e19    0x6  Code  Gb  stm32f4xx_hal_hcd.o [1]
HAL_HCD_HC_GetURBState   0x800'1dfd    0xc  Code  Gb  stm32f4xx_hal_hcd.o [1]
HAL_HCD_HC_GetXferCount
                         0x800'1e09    0xa  Code  Gb  stm32f4xx_hal_hcd.o [1]
HAL_HCD_HC_Halt          0x800'1779   0x16  Code  Gb  stm32f4xx_hal_hcd.o [1]
HAL_HCD_HC_Init          0x800'1711   0x68  Code  Gb  stm32f4xx_hal_hcd.o [1]
HAL_HCD_HC_NotifyURBChange_Callback
                         0x800'1ec9    0x2  Code  Gb  usbh_conf.o [1]
HAL_HCD_HC_SubmitRequest
                         0x800'1791   0x92  Code  Gb  stm32f4xx_hal_hcd.o [1]
HAL_HCD_IRQHandler       0x800'1823  0x536  Code  Gb  stm32f4xx_hal_hcd.o [1]
HAL_HCD_Init             0x800'16a5   0x62  Code  Gb  stm32f4xx_hal_hcd.o [1]
HAL_HCD_MspInit          0x800'1e21   0x90  Code  Gb  usbh_conf.o [1]
HAL_HCD_PortDisabled_Callback
                         0x800'1ed3    0x8  Code  Gb  usbh_conf.o [1]
HAL_HCD_PortEnabled_Callback
                         0x800'1ecb    0x8  Code  Gb  usbh_conf.o [1]
HAL_HCD_ResetPort        0x800'1df7    0x6  Code  Gb  stm32f4xx_hal_hcd.o [1]
HAL_HCD_SOF_Callback     0x800'1eb1    0x8  Code  Gb  usbh_conf.o [1]
HAL_HCD_Start            0x800'1da9   0x1c  Code  Gb  stm32f4xx_hal_hcd.o [1]
HAL_HCD_Stop             0x800'1de1   0x16  Code  Gb  stm32f4xx_hal_hcd.o [1]
HAL_I2C_Init             0x800'3df1  0x12c  Code  Gb  stm32f4xx_hal_i2c.o [1]
HAL_I2C_MspInit          0x800'4da1   0x5e  Code  Gb  stm32f4xx_hal_msp.o [1]
HAL_I2SEx_FullDuplex_IRQHandler
                         0x800'59e9  0x1f8  Code  Gb  stm32f4xx_hal_i2s_ex.o [1]
HAL_I2S_ErrorCallback    0x800'4f57    0x2  Code  Wk  stm32f4xx_hal_i2s.o [1]
HAL_I2S_Init             0x800'3f41  0x15a  Code  Gb  stm32f4xx_hal_i2s.o [1]
HAL_I2S_MspInit          0x800'4dff   0x72  Code  Gb  stm32f4xx_hal_msp.o [1]
HAL_IncTick              0x800'5695   0x10  Code  Wk  stm32f4xx_hal.o [1]
HAL_Init                 0x800'3851   0x30  Code  Gb  stm32f4xx_hal.o [1]
HAL_InitTick             0x800'4c61   0x40  Code  Wk  stm32f4xx_hal.o [1]
HAL_MspInit              0x800'4ca1   0x38  Code  Gb  stm32f4xx_hal_msp.o [1]
HAL_NVIC_EnableIRQ       0x800'2927   0x16  Code  Gb  stm32f4xx_hal_cortex.o [1]
HAL_NVIC_SetPriority     0x800'28ed   0x3a  Code  Gb  stm32f4xx_hal_cortex.o [1]
HAL_NVIC_SetPriorityGrouping
                         0x800'28d3   0x1a  Code  Gb  stm32f4xx_hal_cortex.o [1]
HAL_RCCEx_GetPeriphCLKFreq
                         0x800'4b65   0x3a  Code  Gb  stm32f4xx_hal_rcc_ex.o [1]
HAL_RCCEx_PeriphCLKConfig
                         0x800'4a5d  0x108  Code  Gb  stm32f4xx_hal_rcc_ex.o [1]
HAL_RCC_ClockConfig      0x800'48bd  0x100  Code  Gb  stm32f4xx_hal_rcc.o [1]
HAL_RCC_GetPCLK1Freq     0x800'49c9   0x10  Code  Gb  stm32f4xx_hal_rcc.o [1]
HAL_RCC_OscConfig        0x800'45ad  0x310  Code  Wk  stm32f4xx_hal_rcc.o [1]
HAL_SPI_Init             0x800'41b9   0x76  Code  Gb  stm32f4xx_hal_spi.o [1]
HAL_SPI_MspInit          0x800'4e97   0x44  Code  Gb  stm32f4xx_hal_msp.o [1]
HAL_SYSTICK_Config       0x800'293d   0x28  Code  Gb  stm32f4xx_hal_cortex.o [1]
HAL_TIMEx_BreakCallback
                         0x800'4f61    0x2  Code  Wk  stm32f4xx_hal_tim_ex.o [1]
HAL_TIMEx_CommutCallback
                         0x800'4f65    0x2  Code  Wk  stm32f4xx_hal_tim_ex.o [1]
HAL_TIMEx_MasterConfigSynchronization
                         0x800'44a5   0x6e  Code  Gb  stm32f4xx_hal_tim_ex.o [1]
HAL_TIM_Base_Init        0x800'423d   0x1a  Code  Gb  stm32f4xx_hal_tim.o [1]
HAL_TIM_Base_MspInit     0x800'4eed   0x36  Code  Gb  stm32f4xx_hal_msp.o [1]
HAL_TIM_Base_Start_IT    0x800'4257   0x20  Code  Gb  stm32f4xx_hal_tim.o [1]
HAL_TIM_IRQHandler       0x800'429b  0x142  Code  Gb  stm32f4xx_hal_tim.o [1]
HEAP$$Base              0x2000'0f08          --   Gb  - Linker created -
HEAP$$Limit             0x2000'1108          --   Gb  - Linker created -
HardFault_Handler        0x800'50df    0x2  Code  Gb  stm32f4xx_it.o [1]
I2S_IRQHandler           0x800'40b1   0xf6  Code  Lc  stm32f4xx_hal_i2s.o [1]
InjectedADC             0x2000'002c    0xc  Data  Gb  stm32f4xx_it.o [1]
MX_DriverVbusFS          0x800'3355   0x14  Code  Gb  usbh_platform.o [1]
MX_USB_HOST_Init         0x800'4531   0x36  Code  Gb  usb_host.o [1]
MX_USB_HOST_Process      0x800'4567    0x6  Code  Gb  usb_host.o [1]
MemManage_Handler        0x800'50e1    0x2  Code  Gb  stm32f4xx_it.o [1]
NMI_Handler              0x800'50dd    0x2  Code  Gb  stm32f4xx_it.o [1]
OTG_FS_IRQHandler        0x800'566f    0x6  Code  Gb  stm32f4xx_it.o [1]
PendSV_Handler           0x800'50eb    0x2  Code  Gb  stm32f4xx_it.o [1]
Region$$Table$$Base      0x800'5ce0          --   Gb  - Linker created -
Region$$Table$$Limit     0x800'5d00          --   Gb  - Linker created -
SVC_Handler              0x800'50e7    0x2  Code  Gb  stm32f4xx_it.o [1]
SysTick_Handler          0x800'50ed    0x4  Code  Gb  stm32f4xx_it.o [1]
SystemClock_Config       0x800'3247   0xb4  Code  Gb  main.o [1]
SystemCoreClock         0x2000'003c    0x4  Data  Gb  system_stm32f4xx.o [1]
SystemInit               0x800'5c69   0x14  Code  Gb  system_stm32f4xx.o [1]
TIM6_DAC_IRQHandler      0x800'50f1  0x520  Code  Gb  stm32f4xx_it.o [1]
TIM_Base_SetConfig       0x800'43e3   0x96  Code  Gb  stm32f4xx_hal_tim.o [1]
USBH_AllocPipe           0x800'33e9   0x38  Code  Gb  usbh_pipes.o [1]
USBH_BulkReceiveData     0x800'4c39    0x8  Code  Gb  usbh_ioreq.o [1]
USBH_BulkSendData        0x800'4c09    0xa  Code  Gb  usbh_ioreq.o [1]
USBH_CDC_ClassRequest    0x800'5839   0x24  Code  Lc  usbh_cdc.o [1]
USBH_CDC_InterfaceDeInit
                         0x800'57db   0x5e  Code  Lc  usbh_cdc.o [1]
USBH_CDC_InterfaceInit   0x800'56a5  0x122  Code  Lc  usbh_cdc.o [1]
USBH_CDC_Process         0x800'585d  0x160  Code  Lc  usbh_cdc.o [1]
USBH_CDC_SOFProcess      0x800'59bd    0x4  Code  Lc  usbh_cdc.o [1]
USBH_ClosePipe           0x800'33df    0xa  Code  Gb  usbh_pipes.o [1]
USBH_ClrFeature          0x800'367d   0x16  Code  Gb  usbh_ctlreq.o [1]
USBH_CtlReceiveData      0x800'4bff    0xa  Code  Gb  usbh_ioreq.o [1]
USBH_CtlReq              0x800'36a1  0x1a6  Code  Gb  usbh_ctlreq.o [1]
USBH_CtlSendData         0x800'4bf3    0xc  Code  Gb  usbh_ioreq.o [1]
USBH_CtlSendSetup        0x800'4bdd   0x16  Code  Gb  usbh_ioreq.o [1]
USBH_Delay               0x800'2015    0x4  Code  Gb  usbh_conf.o [1]
USBH_FindInterface       0x800'2a39   0x3e  Code  Gb  usbh_core.o [1]
USBH_FreePipe            0x800'3421   0x18  Code  Gb  usbh_pipes.o [1]
USBH_GetDescriptor       0x800'3601   0x36  Code  Gb  usbh_ctlreq.o [1]
USBH_GetNextDesc         0x800'3693    0xe  Code  Gb  usbh_ctlreq.o [1]
USBH_Get_CfgDesc         0x800'34af  0x106  Code  Gb  usbh_ctlreq.o [1]
USBH_Get_DevDesc         0x800'3439   0x76  Code  Gb  usbh_ctlreq.o [1]
USBH_Get_StringDesc      0x800'35b5   0x4c  Code  Gb  usbh_ctlreq.o [1]
USBH_Get_USB_Status      0x800'2019   0x12  Code  Gb  usbh_conf.o [1]
USBH_Init                0x800'297d   0x3c  Code  Gb  usbh_core.o [1]
USBH_LL_ClosePipe        0x800'1fa3    0xc  Code  Gb  usbh_conf.o [1]
USBH_LL_Connect          0x800'2df5   0x12  Code  Gb  usbh_core.o [1]
USBH_LL_Disconnect       0x800'2e07   0x12  Code  Gb  usbh_core.o [1]
USBH_LL_DriverVBUS       0x800'1fe1   0x1a  Code  Gb  usbh_conf.o [1]
USBH_LL_GetLastXferSize
                         0x800'1f79    0x8  Code  Gb  usbh_conf.o [1]
USBH_LL_GetSpeed         0x800'1f51   0x1c  Code  Gb  usbh_conf.o [1]
USBH_LL_GetURBState      0x800'1fd9    0x8  Code  Gb  usbh_conf.o [1]
USBH_LL_IncTimer         0x800'2dcd   0x1c  Code  Gb  usbh_core.o [1]
USBH_LL_Init             0x800'1edb   0x4c  Code  Gb  usbh_conf.o [1]
USBH_LL_OpenPipe         0x800'1f81   0x22  Code  Gb  usbh_conf.o [1]
USBH_LL_PortDisabled     0x800'2ded    0x2  Code  Gb  usbh_core.o [1]
USBH_LL_PortEnabled      0x800'2de9    0x4  Code  Gb  usbh_core.o [1]
USBH_LL_ResetPort        0x800'1f6d    0xc  Code  Gb  usbh_conf.o [1]
USBH_LL_SetTimer         0x800'2dc7    0x6  Code  Gb  usbh_core.o [1]
USBH_LL_SetToggle        0x800'1ffb   0x1a  Code  Gb  usbh_conf.o [1]
USBH_LL_Start            0x800'1f35    0xa  Code  Gb  usbh_conf.o [1]
USBH_LL_Stop             0x800'1f45    0xc  Code  Gb  usbh_conf.o [1]
USBH_LL_SubmitURB        0x800'1faf   0x2a  Code  Gb  usbh_conf.o [1]
USBH_OpenPipe            0x800'33c3   0x1c  Code  Gb  usbh_pipes.o [1]
USBH_Process             0x800'2a8d  0x30e  Code  Gb  usbh_core.o [1]
USBH_RegisterClass       0x800'29ff   0x22  Code  Gb  usbh_core.o [1]
USBH_SelectInterface     0x800'2a21   0x18  Code  Gb  usbh_core.o [1]
USBH_SetAddress          0x800'3637   0x16  Code  Gb  usbh_ctlreq.o [1]
USBH_SetCfg              0x800'364d   0x14  Code  Gb  usbh_ctlreq.o [1]
USBH_SetFeature          0x800'3667   0x16  Code  Gb  usbh_ctlreq.o [1]
USBH_Start               0x800'2a77   0x14  Code  Gb  usbh_core.o [1]
USBH_UserProcess         0x800'456d   0x1e  Code  Lc  usb_host.o [1]
USB_CoreInit             0x800'202d   0x78  Code  Gb  stm32f4xx_ll_usb.o [1]
USB_CoreReset            0x800'217f   0x2a  Code  Lc  stm32f4xx_ll_usb.o [1]
USB_DisableGlobalInt     0x800'20ad    0x6  Code  Gb  stm32f4xx_ll_usb.o [1]
USB_DoPing               0x800'25f7   0x18  Code  Gb  stm32f4xx_ll_usb.o [1]
USB_DriveVbus            0x800'22f9   0x40  Code  Gb  stm32f4xx_ll_usb.o [1]
USB_EnableGlobalInt      0x800'20a5    0x8  Code  Gb  stm32f4xx_ll_usb.o [1]
USB_FlushRxFifo          0x800'20ff   0x1a  Code  Gb  stm32f4xx_ll_usb.o [1]
USB_FlushTxFifo          0x800'20e1   0x1e  Code  Gb  stm32f4xx_ll_usb.o [1]
USB_GetCurrentFrame      0x800'2351    0xa  Code  Gb  stm32f4xx_ll_usb.o [1]
USB_GetHostSpeed         0x800'2339   0x18  Code  Gb  stm32f4xx_ll_usb.o [1]
USB_GetMode              0x800'2177    0x8  Code  Gb  stm32f4xx_ll_usb.o [1]
USB_HC_Halt              0x800'256f   0x6e  Code  Gb  stm32f4xx_ll_usb.o [1]
USB_HC_Init              0x800'235d   0xd6  Code  Gb  stm32f4xx_ll_usb.o [1]
USB_HC_ReadInterrupt     0x800'2565    0xa  Code  Gb  stm32f4xx_ll_usb.o [1]
USB_HC_StartXfer         0x800'2435  0x130  Code  Gb  stm32f4xx_ll_usb.o [1]
USB_HC_StartXfer::tmpreg
                        0x2000'0af8    0x4  Data  Lc  stm32f4xx_ll_usb.o [1]
USB_HostInit             0x800'21a9   0xc4  Code  Gb  stm32f4xx_ll_usb.o [1]
USB_InitFSLSPClkSel      0x800'2293   0x30  Code  Gb  stm32f4xx_ll_usb.o [1]
USB_ReadInterrupts       0x800'216d    0xa  Code  Gb  stm32f4xx_ll_usb.o [1]
USB_ReadPacket           0x800'213d   0x1e  Code  Gb  stm32f4xx_ll_usb.o [1]
USB_ResetPort            0x800'22c3   0x36  Code  Gb  stm32f4xx_ll_usb.o [1]
USB_SetCurrentMode       0x800'20b9   0x28  Code  Gb  stm32f4xx_ll_usb.o [1]
USB_StopHost             0x800'2635   0x74  Code  Gb  stm32f4xx_ll_usb.o [1]
USB_WritePacket          0x800'2119   0x24  Code  Gb  stm32f4xx_ll_usb.o [1]
UsageFault_Handler       0x800'50e5    0x2  Code  Gb  stm32f4xx_it.o [1]
__NVIC_SetPriority       0x800'28b9   0x1a  Code  Lc  stm32f4xx_hal_cortex.o [1]
__aeabi_ldiv0            0x800'50d9         Code  Gb  I64DivZer.o [4]
__aeabi_memclr4          0x800'26cd         Code  Gb  ABImemclr4.o [4]
__aeabi_memset           0x800'4f69         Code  Gb  ABImemset.o [4]
__cmain                  0x800'5d01         Code  Gb  cmain.o [4]
__data_GetMemChunk       0x800'1665   0x2c  Code  Gb  xgetmemchunk.o [2]
__data_GetMemChunk::start
                        0x2000'0afc    0x4  Data  Lc  xgetmemchunk.o [2]
__exit                   0x800'1691   0x14  Code  Gb  exit.o [5]
__iar_Memset             0x800'4f69         Code  Gb  ABImemset.o [4]
__iar_Memset4_word       0x800'3391         Code  Gb  ABImemset48.o [4]
__iar_Memset8_word       0x800'3391         Code  Gb  ABImemset48.o [4]
__iar_Memset_word        0x800'4f71         Code  Gb  ABImemset.o [4]
__iar_data_init3         0x800'5c95   0x28  Code  Gb  data_init.o [4]
__iar_dlfree             0x800'10ff  0x51e  Code  Gb  dlmalloc.o [2]
__iar_dlmalloc           0x800'0211  0xeee  Code  Gb  dlmalloc.o [2]
__iar_init_vfp           0x800'5cbd         Code  Gb  fpinit_M.o [3]
__iar_packbits_init_single3
                         0x800'5c2f   0x38  Code  Gb  packbits_init_single.o [4]
__iar_program_start      0x800'5d45         Code  Gb  cstartup_M.o [4]
__iar_small_Memcpy       0x800'26b9         Code  Gb  ABImemcpy_small.o [4]
__iar_small_memcpy       0x800'26b5         Code  Gb  ABImemcpy_small.o [4]
__iar_small_memcpy4      0x800'26b5         Code  Gb  ABImemcpy_small.o [4]
__iar_small_memcpy8      0x800'26b5         Code  Gb  ABImemcpy_small.o [4]
__iar_small_uldivmod     0x800'4fd1         Code  Gb  I64DivMod_small.o [4]
__iar_zero_init3         0x800'162b   0x3a  Code  Gb  zero_init3.o [4]
__low_level_init         0x800'5d1f    0x4  Code  Gb  low_level_init.o [2]
__vector_table           0x800'0000         Data  Gb  startup_stm32f407xx.o [1]
_call_main               0x800'5d0d         Code  Gb  cmain.o [4]
_exit                    0x800'5d29         Code  Gb  cexit.o [4]
_gm_                    0x2000'0908  0x1d8  Data  Lc  dlmalloc.o [2]
_main                    0x800'5d1b         Code  Gb  cmain.o [4]
abort                    0x800'1625    0x6  Code  Gb  abort.o [2]
exit                     0x800'5d23    0x4  Code  Gb  exit.o [2]
free                     0x800'59df    0x4  Code  Gb  heaptramp0.o [2]
hUsbHostFS              0x2000'0060  0x3d8  Data  Gb  usb_host.o [1]
hadc1                   0x2000'06fc   0x48  Data  Gb  main.o [1]
hadc2                   0x2000'0744   0x48  Data  Gb  main.o [1]
hadc3                   0x2000'078c   0x48  Data  Gb  main.o [1]
hhcd_USB_OTG_FS         0x2000'0438  0x2c4  Data  Gb  usbh_conf.o [1]
hi2c1                   0x2000'082c   0x54  Data  Gb  main.o [1]
hi2s3                   0x2000'0880   0x48  Data  Gb  main.o [1]
hspi1                   0x2000'07d4   0x58  Data  Gb  main.o [1]
htim6                   0x2000'08c8   0x40  Data  Gb  main.o [1]
init_mparams             0x800'01a3   0x2c  Code  Lc  dlmalloc.o [2]
init_top                 0x800'01cf   0x34  Code  Lc  dlmalloc.o [2]
main                     0x800'2e35  0x3c0  Code  Gb  main.o [1]
memset                   0x800'4599   0x14  Code  Gb  memset.o [4]
mparams                 0x2000'0ae0   0x18  Data  Lc  dlmalloc.o [2]
mux_switch              0x2000'0038    0x4  Data  Gb  stm32f4xx_it.o [1]
segment_holding          0x800'0189   0x1a  Code  Lc  dlmalloc.o [2]
testADC                 0x2000'000c   0x20  Data  Gb  stm32f4xx_it.o [1]
uwTick                  0x2000'0004    0x4  Data  Gb  stm32f4xx_hal.o [1]
uwTickFreq              0x2000'0000    0x1  Data  Gb  stm32f4xx_hal.o [1]
uwTickPrio              0x2000'0008    0x4  Data  Gb  stm32f4xx_hal.o [1]


[1] = C:\Users\Seungheon\Desktop\Seungheon\EWARM\injectedADC_TIM6_5ms\Obj
[2] = dl7M_tlf.a
[3] = m7M_tls.a
[4] = rt7M_tl.a
[5] = shb_l.a

  24'170 bytes of readonly  code memory
      92 bytes of readonly  data memory
   4'353 bytes of readwrite data memory

Errors: none
Warnings: none
